26-05-24.16:01:42.192 [main            ] INFO  RaffleServiceTest      - Starting RaffleServiceTest using Java 17.0.18 with PID 35936 (started by asus in C:\Users\asus\Desktop\Big-Market\Big-Market-app)
26-05-24.16:01:42.193 [main            ] INFO  RaffleServiceTest      - The following 1 profile is active: "dev"
26-05-24.16:01:42.719 [main            ] INFO  RaffleServiceTest      - Starting RaffleServiceTest using Java 17.0.18 with PID 8604 (started by asus in C:\Users\asus\Desktop\Big-Market\Big-Market-app)
26-05-24.16:01:42.723 [main            ] INFO  RaffleServiceTest      - The following 1 profile is active: "dev"
26-05-24.16:01:43.718 [main            ] INFO  RepositoryConfigurationDelegate - Multiple Spring Data modules found, entering strict repository configuration mode
26-05-24.16:01:43.725 [main            ] INFO  RepositoryConfigurationDelegate - Bootstrapping Spring Data Redis repositories in DEFAULT mode.
26-05-24.16:01:43.812 [main            ] INFO  RepositoryConfigurationDelegate - Finished Spring Data repository scanning in 50 ms. Found 0 Redis repository interfaces.
26-05-24.16:01:43.964 [main            ] INFO  RepositoryConfigurationDelegate - Multiple Spring Data modules found, entering strict repository configuration mode
26-05-24.16:01:43.971 [main            ] INFO  RepositoryConfigurationDelegate - Bootstrapping Spring Data Redis repositories in DEFAULT mode.
26-05-24.16:01:44.087 [main            ] INFO  RepositoryConfigurationDelegate - Finished Spring Data repository scanning in 82 ms. Found 0 Redis repository interfaces.
26-05-24.16:01:45.032 [main            ] WARN  GenericWebApplicationContext - Exception encountered during context initialization - cancelling refresh attempt: org.springframework.beans.factory.BeanCreationException: Error creating bean with name 'updateAwardStockJob': Injection of resource dependencies failed
26-05-24.16:01:45.088 [main            ] INFO  ConditionEvaluationReportLogger - 

Error starting ApplicationContext. To display the condition evaluation report re-run your application with 'debug' enabled.
26-05-24.16:01:45.089 [main            ] WARN  GenericWebApplicationContext - Exception encountered during context initialization - cancelling refresh attempt: org.springframework.beans.factory.BeanCreationException: Error creating bean with name 'updateAwardStockJob': Injection of resource dependencies failed
26-05-24.16:01:45.136 [main            ] INFO  ConditionEvaluationReportLogger - 

Error starting ApplicationContext. To display the condition evaluation report re-run your application with 'debug' enabled.
26-05-24.16:01:45.153 [main            ] ERROR LoggingFailureAnalysisReporter - 

***************************
APPLICATION FAILED TO START
***************************

Description:

A component required a bean of type 'shirlin.ai.domain.strategy.service.IRaffleStock' that could not be found.


Action:

Consider defining a bean of type 'shirlin.ai.domain.strategy.service.IRaffleStock' in your configuration.

26-05-24.16:01:45.161 [main            ] WARN  TestContextManager     - Caught exception while allowing TestExecutionListener [org.springframework.test.context.web.ServletTestExecutionListener] to prepare test instance [shirlin.ai.test.Domain.RaffleServiceTest@2450256f]
java.lang.IllegalStateException: Failed to load ApplicationContext for [WebMergedContextConfiguration@2c60ce47 testClass = shirlin.ai.test.Domain.RaffleServiceTest, locations = [], classes = [shirlin.ai.Application], contextInitializerClasses = [], activeProfiles = [], propertySourceDescriptors = [], propertySourceProperties = ["org.springframework.boot.test.context.SpringBootTestContextBootstrapper=true"], contextCustomizers = [org.springframework.boot.test.context.filter.ExcludeFilterContextCustomizer@4a883b15, org.springframework.boot.test.json.DuplicateJsonObjectContextCustomizerFactory$DuplicateJsonObjectContextCustomizer@5677323c, org.springframework.boot.test.mock.mockito.MockitoContextCustomizer@0, org.springframework.boot.test.web.client.TestRestTemplateContextCustomizer@63376bed, org.springframework.boot.test.web.reactor.netty.DisableReactorResourceFactoryGlobalResourcesContextCustomizerFactory$DisableReactorResourceFactoryGlobalResourcesContextCustomizerCustomizer@6892b3b6, org.springframework.boot.test.autoconfigure.OnFailureConditionReportContextCustomizerFactory$OnFailureConditionReportContextCustomizer@2e8c1c9b, org.springframework.boot.test.autoconfigure.actuate.observability.ObservabilityContextCustomizerFactory$DisableObservabilityContextCustomizer@1f, org.springframework.boot.test.autoconfigure.properties.PropertyMappingContextCustomizer@0, org.springframework.boot.test.autoconfigure.web.servlet.WebDriverContextCustomizer@3a7442c7, org.springframework.test.context.support.DynamicPropertiesContextCustomizer@0, org.springframework.boot.test.context.SpringBootTestAnnotation@17da59b4], resourceBasePath = "src/main/webapp", contextLoader = org.springframework.boot.test.context.SpringBootContextLoader, parent = null]
	at org.springframework.test.context.cache.DefaultCacheAwareContextLoaderDelegate.loadContext(DefaultCacheAwareContextLoaderDelegate.java:180)
	at org.springframework.test.context.support.DefaultTestContext.getApplicationContext(DefaultTestContext.java:130)
	at org.springframework.test.context.web.ServletTestExecutionListener.setUpRequestContextIfNecessary(ServletTestExecutionListener.java:200)
	at org.springframework.test.context.web.ServletTestExecutionListener.prepareTestInstance(ServletTestExecutionListener.java:139)
	at org.springframework.test.context.TestContextManager.prepareTestInstance(TestContextManager.java:260)
	at org.springframework.test.context.junit4.SpringJUnit4ClassRunner.createTest(SpringJUnit4ClassRunner.java:228)
	at org.springframework.test.context.junit4.SpringJUnit4ClassRunner$1.runReflectiveCall(SpringJUnit4ClassRunner.java:289)
	at org.junit.internal.runners.model.ReflectiveCallable.run(ReflectiveCallable.java:12)
	at org.springframework.test.context.junit4.SpringJUnit4ClassRunner.methodBlock(SpringJUnit4ClassRunner.java:291)
	at org.springframework.test.context.junit4.SpringJUnit4ClassRunner.runChild(SpringJUnit4ClassRunner.java:247)
	at org.springframework.test.context.junit4.SpringJUnit4ClassRunner.runChild(SpringJUnit4ClassRunner.java:97)
	at org.junit.runners.ParentRunner$4.run(ParentRunner.java:331)
	at org.junit.runners.ParentRunner$1.schedule(ParentRunner.java:79)
	at org.junit.runners.ParentRunner.runChildren(ParentRunner.java:329)
	at org.junit.runners.ParentRunner.access$100(ParentRunner.java:66)
	at org.junit.runners.ParentRunner$2.evaluate(ParentRunner.java:293)
	at org.springframework.test.context.junit4.statements.RunBeforeTestClassCallbacks.evaluate(RunBeforeTestClassCallbacks.java:61)
	at org.springframework.test.context.junit4.statements.RunAfterTestClassCallbacks.evaluate(RunAfterTestClassCallbacks.java:70)
	at org.junit.runners.ParentRunner$3.evaluate(ParentRunner.java:306)
	at org.junit.runners.ParentRunner.run(ParentRunner.java:413)
	at org.springframework.test.context.junit4.SpringJUnit4ClassRunner.run(SpringJUnit4ClassRunner.java:191)
	at org.junit.runner.JUnitCore.run(JUnitCore.java:137)
	at com.intellij.junit4.JUnit4IdeaTestRunner.startRunnerWithArgs(JUnit4IdeaTestRunner.java:69)
	at com.intellij.rt.junit.IdeaTestRunner$Repeater$1.execute(IdeaTestRunner.java:38)
	at com.intellij.rt.execution.junit.TestsRepeater.repeat(TestsRepeater.java:11)
	at com.intellij.rt.junit.IdeaTestRunner$Repeater.startRunnerWithArgs(IdeaTestRunner.java:35)
	at com.intellij.rt.junit.JUnitStarter.prepareStreamsAndStart(JUnitStarter.java:237)
	at com.intellij.rt.junit.JUnitStarter.main(JUnitStarter.java:58)
Caused by: org.springframework.beans.factory.BeanCreationException: Error creating bean with name 'updateAwardStockJob': Injection of resource dependencies failed
	at org.springframework.context.annotation.CommonAnnotationBeanPostProcessor.postProcessProperties(CommonAnnotationBeanPostProcessor.java:372)
	at org.springframework.beans.factory.support.AbstractAutowireCapableBeanFactory.populateBean(AbstractAutowireCapableBeanFactory.java:1445)
	at org.springframework.beans.factory.support.AbstractAutowireCapableBeanFactory.doCreateBean(AbstractAutowireCapableBeanFactory.java:600)
	at org.springframework.beans.factory.support.AbstractAutowireCapableBeanFactory.createBean(AbstractAutowireCapableBeanFactory.java:523)
	at org.springframework.beans.factory.support.AbstractBeanFactory.lambda$doGetBean$0(AbstractBeanFactory.java:339)
	at org.springframework.beans.factory.support.DefaultSingletonBeanRegistry.getSingleton(DefaultSingletonBeanRegistry.java:346)
	at org.springframework.beans.factory.support.AbstractBeanFactory.doGetBean(AbstractBeanFactory.java:337)
	at org.springframework.beans.factory.support.AbstractBeanFactory.getBean(AbstractBeanFactory.java:202)
	at org.springframework.beans.factory.support.DefaultListableBeanFactory.instantiateSingleton(DefaultListableBeanFactory.java:1155)
	at org.springframework.beans.factory.support.DefaultListableBeanFactory.preInstantiateSingleton(DefaultListableBeanFactory.java:1121)
	at org.springframework.beans.factory.support.DefaultListableBeanFactory.preInstantiateSingletons(DefaultListableBeanFactory.java:1056)
	at org.springframework.context.support.AbstractApplicationContext.finishBeanFactoryInitialization(AbstractApplicationContext.java:987)
	at org.springframework.context.support.AbstractApplicationContext.refresh(AbstractApplicationContext.java:627)
	at org.springframework.boot.SpringApplication.refresh(SpringApplication.java:752)
	at org.springframework.boot.SpringApplication.refreshContext(SpringApplication.java:439)
	at org.springframework.boot.SpringApplication.run(SpringApplication.java:318)
	at org.springframework.boot.test.context.SpringBootContextLoader.lambda$loadContext$3(SpringBootContextLoader.java:137)
	at org.springframework.util.function.ThrowingSupplier.get(ThrowingSupplier.java:58)
	at org.springframework.util.function.ThrowingSupplier.get(ThrowingSupplier.java:46)
	at org.springframework.boot.SpringApplication.withHook(SpringApplication.java:1461)
	at org.springframework.boot.test.context.SpringBootContextLoader$ContextLoaderHook.run(SpringBootContextLoader.java:553)
	at org.springframework.boot.test.context.SpringBootContextLoader.loadContext(SpringBootContextLoader.java:137)
	at org.springframework.boot.test.context.SpringBootContextLoader.loadContext(SpringBootContextLoader.java:108)
	at org.springframework.test.context.cache.DefaultCacheAwareContextLoaderDelegate.loadContextInternal(DefaultCacheAwareContextLoaderDelegate.java:225)
	at org.springframework.test.context.cache.DefaultCacheAwareContextLoaderDelegate.loadContext(DefaultCacheAwareContextLoaderDelegate.java:152)
	... 27 common frames omitted
Caused by: org.springframework.beans.factory.NoSuchBeanDefinitionException: No qualifying bean of type 'shirlin.ai.domain.strategy.service.IRaffleStock' available: expected at least 1 bean which qualifies as autowire candidate. Dependency annotations: {@jakarta.annotation.Resource(shareable=true, lookup="", name="", description="", authenticationType=CONTAINER, type=java.lang.Object.class, mappedName="")}
	at org.springframework.beans.factory.support.DefaultListableBeanFactory.raiseNoMatchingBeanFound(DefaultListableBeanFactory.java:2177)
	at org.springframework.beans.factory.support.DefaultListableBeanFactory.doResolveDependency(DefaultListableBeanFactory.java:1627)
	at org.springframework.beans.factory.support.DefaultListableBeanFactory.resolveDependency(DefaultListableBeanFactory.java:1552)
	at org.springframework.context.annotation.CommonAnnotationBeanPostProcessor.autowireResource(CommonAnnotationBeanPostProcessor.java:599)
	at org.springframework.context.annotation.CommonAnnotationBeanPostProcessor.getResource(CommonAnnotationBeanPostProcessor.java:577)
	at org.springframework.context.annotation.CommonAnnotationBeanPostProcessor$ResourceElement.getResourceToInject(CommonAnnotationBeanPostProcessor.java:739)
	at org.springframework.beans.factory.annotation.InjectionMetadata$InjectedElement.inject(InjectionMetadata.java:272)
	at org.springframework.beans.factory.annotation.InjectionMetadata.inject(InjectionMetadata.java:146)
	at org.springframework.context.annotation.CommonAnnotationBeanPostProcessor.postProcessProperties(CommonAnnotationBeanPostProcessor.java:369)
	... 51 common frames omitted
26-05-24.16:01:45.196 [main            ] ERROR LoggingFailureAnalysisReporter - 

***************************
APPLICATION FAILED TO START
***************************

Description:

A component required a bean of type 'shirlin.ai.domain.strategy.service.IRaffleStock' that could not be found.


Action:

Consider defining a bean of type 'shirlin.ai.domain.strategy.service.IRaffleStock' in your configuration.

26-05-24.16:01:45.206 [main            ] WARN  TestContextManager     - Caught exception while allowing TestExecutionListener [org.springframework.test.context.web.ServletTestExecutionListener] to prepare test instance [shirlin.ai.test.Domain.RaffleServiceTest@24197b13]
java.lang.IllegalStateException: Failed to load ApplicationContext for [WebMergedContextConfiguration@1c74d19 testClass = shirlin.ai.test.Domain.RaffleServiceTest, locations = [], classes = [shirlin.ai.Application], contextInitializerClasses = [], activeProfiles = [], propertySourceDescriptors = [], propertySourceProperties = ["org.springframework.boot.test.context.SpringBootTestContextBootstrapper=true"], contextCustomizers = [org.springframework.boot.test.context.filter.ExcludeFilterContextCustomizer@5e600dd5, org.springframework.boot.test.json.DuplicateJsonObjectContextCustomizerFactory$DuplicateJsonObjectContextCustomizer@4d5650ae, org.springframework.boot.test.mock.mockito.MockitoContextCustomizer@0, org.springframework.boot.test.web.client.TestRestTemplateContextCustomizer@6574a52c, org.springframework.boot.test.web.reactor.netty.DisableReactorResourceFactoryGlobalResourcesContextCustomizerFactory$DisableReactorResourceFactoryGlobalResourcesContextCustomizerCustomizer@2a7f1f10, org.springframework.boot.test.autoconfigure.OnFailureConditionReportContextCustomizerFactory$OnFailureConditionReportContextCustomizer@740cae06, org.springframework.boot.test.autoconfigure.actuate.observability.ObservabilityContextCustomizerFactory$DisableObservabilityContextCustomizer@1f, org.springframework.boot.test.autoconfigure.properties.PropertyMappingContextCustomizer@0, org.springframework.boot.test.autoconfigure.web.servlet.WebDriverContextCustomizer@58cbafc2, org.springframework.test.context.support.DynamicPropertiesContextCustomizer@0, org.springframework.boot.test.context.SpringBootTestAnnotation@16eeb82c], resourceBasePath = "src/main/webapp", contextLoader = org.springframework.boot.test.context.SpringBootContextLoader, parent = null]
	at org.springframework.test.context.cache.DefaultCacheAwareContextLoaderDelegate.loadContext(DefaultCacheAwareContextLoaderDelegate.java:180)
	at org.springframework.test.context.support.DefaultTestContext.getApplicationContext(DefaultTestContext.java:130)
	at org.springframework.test.context.web.ServletTestExecutionListener.setUpRequestContextIfNecessary(ServletTestExecutionListener.java:200)
	at org.springframework.test.context.web.ServletTestExecutionListener.prepareTestInstance(ServletTestExecutionListener.java:139)
	at org.springframework.test.context.TestContextManager.prepareTestInstance(TestContextManager.java:260)
	at org.springframework.test.context.junit4.SpringJUnit4ClassRunner.createTest(SpringJUnit4ClassRunner.java:228)
	at org.springframework.test.context.junit4.SpringJUnit4ClassRunner$1.runReflectiveCall(SpringJUnit4ClassRunner.java:289)
	at org.junit.internal.runners.model.ReflectiveCallable.run(ReflectiveCallable.java:12)
	at org.springframework.test.context.junit4.SpringJUnit4ClassRunner.methodBlock(SpringJUnit4ClassRunner.java:291)
	at org.springframework.test.context.junit4.SpringJUnit4ClassRunner.runChild(SpringJUnit4ClassRunner.java:247)
	at org.springframework.test.context.junit4.SpringJUnit4ClassRunner.runChild(SpringJUnit4ClassRunner.java:97)
	at org.junit.runners.ParentRunner$4.run(ParentRunner.java:331)
	at org.junit.runners.ParentRunner$1.schedule(ParentRunner.java:79)
	at org.junit.runners.ParentRunner.runChildren(ParentRunner.java:329)
	at org.junit.runners.ParentRunner.access$100(ParentRunner.java:66)
	at org.junit.runners.ParentRunner$2.evaluate(ParentRunner.java:293)
	at org.springframework.test.context.junit4.statements.RunBeforeTestClassCallbacks.evaluate(RunBeforeTestClassCallbacks.java:61)
	at org.springframework.test.context.junit4.statements.RunAfterTestClassCallbacks.evaluate(RunAfterTestClassCallbacks.java:70)
	at org.junit.runners.ParentRunner$3.evaluate(ParentRunner.java:306)
	at org.junit.runners.ParentRunner.run(ParentRunner.java:413)
	at org.springframework.test.context.junit4.SpringJUnit4ClassRunner.run(SpringJUnit4ClassRunner.java:191)
	at org.junit.runner.JUnitCore.run(JUnitCore.java:137)
	at com.intellij.junit4.JUnit4IdeaTestRunner.startRunnerWithArgs(JUnit4IdeaTestRunner.java:69)
	at com.intellij.rt.junit.IdeaTestRunner$Repeater$1.execute(IdeaTestRunner.java:38)
	at com.intellij.rt.execution.junit.TestsRepeater.repeat(TestsRepeater.java:11)
	at com.intellij.rt.junit.IdeaTestRunner$Repeater.startRunnerWithArgs(IdeaTestRunner.java:35)
	at com.intellij.rt.junit.JUnitStarter.prepareStreamsAndStart(JUnitStarter.java:237)
	at com.intellij.rt.junit.JUnitStarter.main(JUnitStarter.java:58)
Caused by: org.springframework.beans.factory.BeanCreationException: Error creating bean with name 'updateAwardStockJob': Injection of resource dependencies failed
	at org.springframework.context.annotation.CommonAnnotationBeanPostProcessor.postProcessProperties(CommonAnnotationBeanPostProcessor.java:372)
	at org.springframework.beans.factory.support.AbstractAutowireCapableBeanFactory.populateBean(AbstractAutowireCapableBeanFactory.java:1445)
	at org.springframework.beans.factory.support.AbstractAutowireCapableBeanFactory.doCreateBean(AbstractAutowireCapableBeanFactory.java:600)
	at org.springframework.beans.factory.support.AbstractAutowireCapableBeanFactory.createBean(AbstractAutowireCapableBeanFactory.java:523)
	at org.springframework.beans.factory.support.AbstractBeanFactory.lambda$doGetBean$0(AbstractBeanFactory.java:339)
	at org.springframework.beans.factory.support.DefaultSingletonBeanRegistry.getSingleton(DefaultSingletonBeanRegistry.java:346)
	at org.springframework.beans.factory.support.AbstractBeanFactory.doGetBean(AbstractBeanFactory.java:337)
	at org.springframework.beans.factory.support.AbstractBeanFactory.getBean(AbstractBeanFactory.java:202)
	at org.springframework.beans.factory.support.DefaultListableBeanFactory.instantiateSingleton(DefaultListableBeanFactory.java:1155)
	at org.springframework.beans.factory.support.DefaultListableBeanFactory.preInstantiateSingleton(DefaultListableBeanFactory.java:1121)
	at org.springframework.beans.factory.support.DefaultListableBeanFactory.preInstantiateSingletons(DefaultListableBeanFactory.java:1056)
	at org.springframework.context.support.AbstractApplicationContext.finishBeanFactoryInitialization(AbstractApplicationContext.java:987)
	at org.springframework.context.support.AbstractApplicationContext.refresh(AbstractApplicationContext.java:627)
	at org.springframework.boot.SpringApplication.refresh(SpringApplication.java:752)
	at org.springframework.boot.SpringApplication.refreshContext(SpringApplication.java:439)
	at org.springframework.boot.SpringApplication.run(SpringApplication.java:318)
	at org.springframework.boot.test.context.SpringBootContextLoader.lambda$loadContext$3(SpringBootContextLoader.java:137)
	at org.springframework.util.function.ThrowingSupplier.get(ThrowingSupplier.java:58)
	at org.springframework.util.function.ThrowingSupplier.get(ThrowingSupplier.java:46)
	at org.springframework.boot.SpringApplication.withHook(SpringApplication.java:1461)
	at org.springframework.boot.test.context.SpringBootContextLoader$ContextLoaderHook.run(SpringBootContextLoader.java:553)
	at org.springframework.boot.test.context.SpringBootContextLoader.loadContext(SpringBootContextLoader.java:137)
	at org.springframework.boot.test.context.SpringBootContextLoader.loadContext(SpringBootContextLoader.java:108)
	at org.springframework.test.context.cache.DefaultCacheAwareContextLoaderDelegate.loadContextInternal(DefaultCacheAwareContextLoaderDelegate.java:225)
	at org.springframework.test.context.cache.DefaultCacheAwareContextLoaderDelegate.loadContext(DefaultCacheAwareContextLoaderDelegate.java:152)
	... 27 common frames omitted
Caused by: org.springframework.beans.factory.NoSuchBeanDefinitionException: No qualifying bean of type 'shirlin.ai.domain.strategy.service.IRaffleStock' available: expected at least 1 bean which qualifies as autowire candidate. Dependency annotations: {@jakarta.annotation.Resource(shareable=true, lookup="", name="", description="", authenticationType=CONTAINER, type=java.lang.Object.class, mappedName="")}
	at org.springframework.beans.factory.support.DefaultListableBeanFactory.raiseNoMatchingBeanFound(DefaultListableBeanFactory.java:2177)
	at org.springframework.beans.factory.support.DefaultListableBeanFactory.doResolveDependency(DefaultListableBeanFactory.java:1627)
	at org.springframework.beans.factory.support.DefaultListableBeanFactory.resolveDependency(DefaultListableBeanFactory.java:1552)
	at org.springframework.context.annotation.CommonAnnotationBeanPostProcessor.autowireResource(CommonAnnotationBeanPostProcessor.java:599)
	at org.springframework.context.annotation.CommonAnnotationBeanPostProcessor.getResource(CommonAnnotationBeanPostProcessor.java:577)
	at org.springframework.context.annotation.CommonAnnotationBeanPostProcessor$ResourceElement.getResourceToInject(CommonAnnotationBeanPostProcessor.java:739)
	at org.springframework.beans.factory.annotation.InjectionMetadata$InjectedElement.inject(InjectionMetadata.java:272)
	at org.springframework.beans.factory.annotation.InjectionMetadata.inject(InjectionMetadata.java:146)
	at org.springframework.context.annotation.CommonAnnotationBeanPostProcessor.postProcessProperties(CommonAnnotationBeanPostProcessor.java:369)
	... 51 common frames omitted
26-05-24.16:03:05.272 [main            ] INFO  RaffleServiceTest      - Starting RaffleServiceTest using Java 17.0.18 with PID 6720 (started by asus in C:\Users\asus\Desktop\Big-Market\Big-Market-app)
26-05-24.16:03:05.274 [main            ] INFO  RaffleServiceTest      - The following 1 profile is active: "dev"
26-05-24.16:03:06.261 [main            ] INFO  RepositoryConfigurationDelegate - Multiple Spring Data modules found, entering strict repository configuration mode
26-05-24.16:03:06.264 [main            ] INFO  RepositoryConfigurationDelegate - Bootstrapping Spring Data Redis repositories in DEFAULT mode.
26-05-24.16:03:06.362 [main            ] INFO  RepositoryConfigurationDelegate - Finished Spring Data repository scanning in 72 ms. Found 0 Redis repository interfaces.
26-05-24.16:03:08.778 [main            ] INFO  Version                - Redisson 3.44.0
26-05-24.16:03:09.452 [redisson-netty-1-12] INFO  ConnectionsHolder      - 5 connections initialized for 159.75.79.79/159.75.79.79:16379
26-05-24.16:03:09.634 [redisson-netty-1-13] INFO  ConnectionsHolder      - 1 connections initialized for 159.75.79.79/159.75.79.79:16379
26-05-24.16:03:09.799 [main            ] WARN  GenericWebApplicationContext - Exception encountered during context initialization - cancelling refresh attempt: org.springframework.beans.factory.BeanCreationException: Error creating bean with name 'raffleService': Injection of resource dependencies failed
26-05-24.16:03:09.859 [main            ] INFO  ConditionEvaluationReportLogger - 

Error starting ApplicationContext. To display the condition evaluation report re-run your application with 'debug' enabled.
26-05-24.16:03:09.917 [main            ] ERROR LoggingFailureAnalysisReporter - 

***************************
APPLICATION FAILED TO START
***************************

Description:

The dependencies of some of the beans in the application context form a cycle:

┌──->──┐
|  raffleService
└──<-──┘


Action:

Relying upon circular references is discouraged and they are prohibited by default. Update your application to remove the dependency cycle between beans. As a last resort, it may be possible to break the cycle automatically by setting spring.main.allow-circular-references to true.

26-05-24.16:03:09.930 [main            ] WARN  TestContextManager     - Caught exception while allowing TestExecutionListener [org.springframework.test.context.web.ServletTestExecutionListener] to prepare test instance [shirlin.ai.test.Domain.RaffleServiceTest@4feec184]
java.lang.IllegalStateException: Failed to load ApplicationContext for [WebMergedContextConfiguration@4a6facb0 testClass = shirlin.ai.test.Domain.RaffleServiceTest, locations = [], classes = [shirlin.ai.Application], contextInitializerClasses = [], activeProfiles = [], propertySourceDescriptors = [], propertySourceProperties = ["org.springframework.boot.test.context.SpringBootTestContextBootstrapper=true"], contextCustomizers = [org.springframework.boot.test.context.filter.ExcludeFilterContextCustomizer@5e600dd5, org.springframework.boot.test.json.DuplicateJsonObjectContextCustomizerFactory$DuplicateJsonObjectContextCustomizer@4d5650ae, org.springframework.boot.test.mock.mockito.MockitoContextCustomizer@0, org.springframework.boot.test.web.client.TestRestTemplateContextCustomizer@6574a52c, org.springframework.boot.test.web.reactor.netty.DisableReactorResourceFactoryGlobalResourcesContextCustomizerFactory$DisableReactorResourceFactoryGlobalResourcesContextCustomizerCustomizer@2a7f1f10, org.springframework.boot.test.autoconfigure.OnFailureConditionReportContextCustomizerFactory$OnFailureConditionReportContextCustomizer@740cae06, org.springframework.boot.test.autoconfigure.actuate.observability.ObservabilityContextCustomizerFactory$DisableObservabilityContextCustomizer@1f, org.springframework.boot.test.autoconfigure.properties.PropertyMappingContextCustomizer@0, org.springframework.boot.test.autoconfigure.web.servlet.WebDriverContextCustomizer@58cbafc2, org.springframework.test.context.support.DynamicPropertiesContextCustomizer@0, org.springframework.boot.test.context.SpringBootTestAnnotation@16eeb82c], resourceBasePath = "src/main/webapp", contextLoader = org.springframework.boot.test.context.SpringBootContextLoader, parent = null]
	at org.springframework.test.context.cache.DefaultCacheAwareContextLoaderDelegate.loadContext(DefaultCacheAwareContextLoaderDelegate.java:180)
	at org.springframework.test.context.support.DefaultTestContext.getApplicationContext(DefaultTestContext.java:130)
	at org.springframework.test.context.web.ServletTestExecutionListener.setUpRequestContextIfNecessary(ServletTestExecutionListener.java:200)
	at org.springframework.test.context.web.ServletTestExecutionListener.prepareTestInstance(ServletTestExecutionListener.java:139)
	at org.springframework.test.context.TestContextManager.prepareTestInstance(TestContextManager.java:260)
	at org.springframework.test.context.junit4.SpringJUnit4ClassRunner.createTest(SpringJUnit4ClassRunner.java:228)
	at org.springframework.test.context.junit4.SpringJUnit4ClassRunner$1.runReflectiveCall(SpringJUnit4ClassRunner.java:289)
	at org.junit.internal.runners.model.ReflectiveCallable.run(ReflectiveCallable.java:12)
	at org.springframework.test.context.junit4.SpringJUnit4ClassRunner.methodBlock(SpringJUnit4ClassRunner.java:291)
	at org.springframework.test.context.junit4.SpringJUnit4ClassRunner.runChild(SpringJUnit4ClassRunner.java:247)
	at org.springframework.test.context.junit4.SpringJUnit4ClassRunner.runChild(SpringJUnit4ClassRunner.java:97)
	at org.junit.runners.ParentRunner$4.run(ParentRunner.java:331)
	at org.junit.runners.ParentRunner$1.schedule(ParentRunner.java:79)
	at org.junit.runners.ParentRunner.runChildren(ParentRunner.java:329)
	at org.junit.runners.ParentRunner.access$100(ParentRunner.java:66)
	at org.junit.runners.ParentRunner$2.evaluate(ParentRunner.java:293)
	at org.springframework.test.context.junit4.statements.RunBeforeTestClassCallbacks.evaluate(RunBeforeTestClassCallbacks.java:61)
	at org.springframework.test.context.junit4.statements.RunAfterTestClassCallbacks.evaluate(RunAfterTestClassCallbacks.java:70)
	at org.junit.runners.ParentRunner$3.evaluate(ParentRunner.java:306)
	at org.junit.runners.ParentRunner.run(ParentRunner.java:413)
	at org.springframework.test.context.junit4.SpringJUnit4ClassRunner.run(SpringJUnit4ClassRunner.java:191)
	at org.junit.runner.JUnitCore.run(JUnitCore.java:137)
	at com.intellij.junit4.JUnit4IdeaTestRunner.startRunnerWithArgs(JUnit4IdeaTestRunner.java:69)
	at com.intellij.rt.junit.IdeaTestRunner$Repeater$1.execute(IdeaTestRunner.java:38)
	at com.intellij.rt.execution.junit.TestsRepeater.repeat(TestsRepeater.java:11)
	at com.intellij.rt.junit.IdeaTestRunner$Repeater.startRunnerWithArgs(IdeaTestRunner.java:35)
	at com.intellij.rt.junit.JUnitStarter.prepareStreamsAndStart(JUnitStarter.java:237)
	at com.intellij.rt.junit.JUnitStarter.main(JUnitStarter.java:58)
Caused by: org.springframework.beans.factory.BeanCreationException: Error creating bean with name 'raffleService': Injection of resource dependencies failed
	at org.springframework.context.annotation.CommonAnnotationBeanPostProcessor.postProcessProperties(CommonAnnotationBeanPostProcessor.java:372)
	at org.springframework.beans.factory.support.AbstractAutowireCapableBeanFactory.populateBean(AbstractAutowireCapableBeanFactory.java:1445)
	at org.springframework.beans.factory.support.AbstractAutowireCapableBeanFactory.doCreateBean(AbstractAutowireCapableBeanFactory.java:600)
	at org.springframework.beans.factory.support.AbstractAutowireCapableBeanFactory.createBean(AbstractAutowireCapableBeanFactory.java:523)
	at org.springframework.beans.factory.support.AbstractBeanFactory.lambda$doGetBean$0(AbstractBeanFactory.java:339)
	at org.springframework.beans.factory.support.DefaultSingletonBeanRegistry.getSingleton(DefaultSingletonBeanRegistry.java:346)
	at org.springframework.beans.factory.support.AbstractBeanFactory.doGetBean(AbstractBeanFactory.java:337)
	at org.springframework.beans.factory.support.AbstractBeanFactory.getBean(AbstractBeanFactory.java:202)
	at org.springframework.beans.factory.support.DefaultListableBeanFactory.instantiateSingleton(DefaultListableBeanFactory.java:1155)
	at org.springframework.beans.factory.support.DefaultListableBeanFactory.preInstantiateSingleton(DefaultListableBeanFactory.java:1121)
	at org.springframework.beans.factory.support.DefaultListableBeanFactory.preInstantiateSingletons(DefaultListableBeanFactory.java:1056)
	at org.springframework.context.support.AbstractApplicationContext.finishBeanFactoryInitialization(AbstractApplicationContext.java:987)
	at org.springframework.context.support.AbstractApplicationContext.refresh(AbstractApplicationContext.java:627)
	at org.springframework.boot.SpringApplication.refresh(SpringApplication.java:752)
	at org.springframework.boot.SpringApplication.refreshContext(SpringApplication.java:439)
	at org.springframework.boot.SpringApplication.run(SpringApplication.java:318)
	at org.springframework.boot.test.context.SpringBootContextLoader.lambda$loadContext$3(SpringBootContextLoader.java:137)
	at org.springframework.util.function.ThrowingSupplier.get(ThrowingSupplier.java:58)
	at org.springframework.util.function.ThrowingSupplier.get(ThrowingSupplier.java:46)
	at org.springframework.boot.SpringApplication.withHook(SpringApplication.java:1461)
	at org.springframework.boot.test.context.SpringBootContextLoader$ContextLoaderHook.run(SpringBootContextLoader.java:553)
	at org.springframework.boot.test.context.SpringBootContextLoader.loadContext(SpringBootContextLoader.java:137)
	at org.springframework.boot.test.context.SpringBootContextLoader.loadContext(SpringBootContextLoader.java:108)
	at org.springframework.test.context.cache.DefaultCacheAwareContextLoaderDelegate.loadContextInternal(DefaultCacheAwareContextLoaderDelegate.java:225)
	at org.springframework.test.context.cache.DefaultCacheAwareContextLoaderDelegate.loadContext(DefaultCacheAwareContextLoaderDelegate.java:152)
	... 27 common frames omitted
Caused by: org.springframework.beans.factory.BeanCurrentlyInCreationException: Error creating bean with name 'raffleService': Requested bean is currently in creation: Is there an unresolvable circular reference or an asynchronous initialization dependency?
	at org.springframework.beans.factory.support.DefaultSingletonBeanRegistry.beforeSingletonCreation(DefaultSingletonBeanRegistry.java:488)
	at org.springframework.beans.factory.support.DefaultSingletonBeanRegistry.getSingleton(DefaultSingletonBeanRegistry.java:303)
	at org.springframework.beans.factory.support.AbstractBeanFactory.doGetBean(AbstractBeanFactory.java:337)
	at org.springframework.beans.factory.support.AbstractBeanFactory.getBean(AbstractBeanFactory.java:202)
	at org.springframework.beans.factory.config.DependencyDescriptor.resolveCandidate(DependencyDescriptor.java:254)
	at org.springframework.beans.factory.support.DefaultListableBeanFactory.doResolveDependency(DefaultListableBeanFactory.java:1664)
	at org.springframework.beans.factory.support.DefaultListableBeanFactory.resolveDependency(DefaultListableBeanFactory.java:1552)
	at org.springframework.context.annotation.CommonAnnotationBeanPostProcessor.autowireResource(CommonAnnotationBeanPostProcessor.java:599)
	at org.springframework.context.annotation.CommonAnnotationBeanPostProcessor.getResource(CommonAnnotationBeanPostProcessor.java:577)
	at org.springframework.context.annotation.CommonAnnotationBeanPostProcessor$ResourceElement.getResourceToInject(CommonAnnotationBeanPostProcessor.java:739)
	at org.springframework.beans.factory.annotation.InjectionMetadata$InjectedElement.inject(InjectionMetadata.java:272)
	at org.springframework.beans.factory.annotation.InjectionMetadata.inject(InjectionMetadata.java:146)
	at org.springframework.context.annotation.CommonAnnotationBeanPostProcessor.postProcessProperties(CommonAnnotationBeanPostProcessor.java:369)
	... 51 common frames omitted
26-05-24.16:23:03.124 [main            ] INFO  RaffleServiceTest      - Starting RaffleServiceTest using Java 17.0.18 with PID 40848 (started by asus in C:\Users\asus\Desktop\Big-Market\Big-Market-app)
26-05-24.16:23:03.126 [main            ] INFO  RaffleServiceTest      - The following 1 profile is active: "dev"
26-05-24.16:23:04.251 [main            ] INFO  RepositoryConfigurationDelegate - Multiple Spring Data modules found, entering strict repository configuration mode
26-05-24.16:23:04.257 [main            ] INFO  RepositoryConfigurationDelegate - Bootstrapping Spring Data Redis repositories in DEFAULT mode.
26-05-24.16:23:04.333 [main            ] INFO  RepositoryConfigurationDelegate - Finished Spring Data repository scanning in 52 ms. Found 0 Redis repository interfaces.
26-05-24.16:23:06.184 [main            ] INFO  Version                - Redisson 3.44.0
26-05-24.16:23:06.660 [redisson-netty-1-6] INFO  ConnectionsHolder      - 1 connections initialized for 159.75.79.79/159.75.79.79:16379
26-05-24.16:23:06.880 [redisson-netty-1-13] INFO  ConnectionsHolder      - 5 connections initialized for 159.75.79.79/159.75.79.79:16379
26-05-24.16:23:07.531 [main            ] INFO  OptionalValidatorFactoryBean - Failed to set up a Bean Validation provider: jakarta.validation.NoProviderFoundException: Unable to create a Configuration, because no Jakarta Bean Validation provider could be found. Add a provider like Hibernate Validator (RI) to your classpath.
26-05-24.16:23:08.548 [main            ] INFO  RaffleServiceTest      - Started RaffleServiceTest in 6.122 seconds (process running for 7.425)
26-05-24.16:24:29.696 [main            ] INFO  RaffleServiceTest      - Starting RaffleServiceTest using Java 17.0.18 with PID 38664 (started by asus in C:\Users\asus\Desktop\Big-Market\Big-Market-app)
26-05-24.16:24:29.699 [main            ] INFO  RaffleServiceTest      - The following 1 profile is active: "dev"
26-05-24.16:24:30.716 [main            ] INFO  RepositoryConfigurationDelegate - Multiple Spring Data modules found, entering strict repository configuration mode
26-05-24.16:24:30.722 [main            ] INFO  RepositoryConfigurationDelegate - Bootstrapping Spring Data Redis repositories in DEFAULT mode.
26-05-24.16:24:30.792 [main            ] INFO  RepositoryConfigurationDelegate - Finished Spring Data repository scanning in 45 ms. Found 0 Redis repository interfaces.
26-05-24.16:24:32.581 [main            ] INFO  Version                - Redisson 3.44.0
26-05-24.16:24:33.014 [redisson-netty-1-4] INFO  ConnectionsHolder      - 1 connections initialized for 159.75.79.79/159.75.79.79:16379
26-05-24.16:24:33.228 [redisson-netty-1-13] INFO  ConnectionsHolder      - 5 connections initialized for 159.75.79.79/159.75.79.79:16379
26-05-24.16:24:33.891 [main            ] INFO  OptionalValidatorFactoryBean - Failed to set up a Bean Validation provider: jakarta.validation.NoProviderFoundException: Unable to create a Configuration, because no Jakarta Bean Validation provider could be found. Add a provider like Hibernate Validator (RI) to your classpath.
26-05-24.16:24:35.072 [main            ] INFO  RaffleServiceTest      - Started RaffleServiceTest in 6.012 seconds (process running for 7.379)
26-05-24.16:25:36.258 [main            ] INFO  RaffleServiceTest      - Starting RaffleServiceTest using Java 17.0.18 with PID 37312 (started by asus in C:\Users\asus\Desktop\Big-Market\Big-Market-app)
26-05-24.16:25:36.261 [main            ] INFO  RaffleServiceTest      - The following 1 profile is active: "dev"
26-05-24.16:25:37.271 [main            ] INFO  RepositoryConfigurationDelegate - Multiple Spring Data modules found, entering strict repository configuration mode
26-05-24.16:25:37.274 [main            ] INFO  RepositoryConfigurationDelegate - Bootstrapping Spring Data Redis repositories in DEFAULT mode.
26-05-24.16:25:37.338 [main            ] INFO  RepositoryConfigurationDelegate - Finished Spring Data repository scanning in 44 ms. Found 0 Redis repository interfaces.
26-05-24.16:25:39.089 [main            ] INFO  Version                - Redisson 3.44.0
26-05-24.16:25:39.585 [redisson-netty-1-4] INFO  ConnectionsHolder      - 1 connections initialized for 159.75.79.79/159.75.79.79:16379
26-05-24.16:25:40.235 [redisson-netty-1-13] INFO  ConnectionsHolder      - 5 connections initialized for 159.75.79.79/159.75.79.79:16379
26-05-24.16:25:40.882 [main            ] INFO  OptionalValidatorFactoryBean - Failed to set up a Bean Validation provider: jakarta.validation.NoProviderFoundException: Unable to create a Configuration, because no Jakarta Bean Validation provider could be found. Add a provider like Hibernate Validator (RI) to your classpath.
26-05-24.16:25:42.116 [main            ] INFO  RaffleServiceTest      - Started RaffleServiceTest in 6.5 seconds (process running for 7.825)
26-05-24.16:27:11.057 [main            ] INFO  RaffleServiceTest      - Starting RaffleServiceTest using Java 17.0.18 with PID 36436 (started by asus in C:\Users\asus\Desktop\Big-Market\Big-Market-app)
26-05-24.16:27:11.060 [main            ] INFO  RaffleServiceTest      - The following 1 profile is active: "dev"
26-05-24.16:27:12.176 [main            ] INFO  RepositoryConfigurationDelegate - Multiple Spring Data modules found, entering strict repository configuration mode
26-05-24.16:27:12.179 [main            ] INFO  RepositoryConfigurationDelegate - Bootstrapping Spring Data Redis repositories in DEFAULT mode.
26-05-24.16:27:12.250 [main            ] INFO  RepositoryConfigurationDelegate - Finished Spring Data repository scanning in 49 ms. Found 0 Redis repository interfaces.
26-05-24.16:27:14.336 [main            ] INFO  Version                - Redisson 3.44.0
26-05-24.16:27:14.868 [redisson-netty-1-4] INFO  ConnectionsHolder      - 1 connections initialized for 159.75.79.79/159.75.79.79:16379
26-05-24.16:27:15.246 [redisson-netty-1-13] INFO  ConnectionsHolder      - 5 connections initialized for 159.75.79.79/159.75.79.79:16379
26-05-24.16:27:15.924 [main            ] INFO  OptionalValidatorFactoryBean - Failed to set up a Bean Validation provider: jakarta.validation.NoProviderFoundException: Unable to create a Configuration, because no Jakarta Bean Validation provider could be found. Add a provider like Hibernate Validator (RI) to your classpath.
26-05-24.16:27:16.953 [main            ] INFO  RaffleServiceTest      - Started RaffleServiceTest in 6.599 seconds (process running for 8.045)
26-05-24.16:54:23.075 [main            ] INFO  RaffleServiceTest      - Starting RaffleServiceTest using Java 17.0.18 with PID 32780 (started by asus in C:\Users\asus\Desktop\Big-Market\Big-Market-app)
26-05-24.16:54:23.076 [main            ] INFO  RaffleServiceTest      - The following 1 profile is active: "dev"
26-05-24.16:54:24.494 [main            ] INFO  RepositoryConfigurationDelegate - Multiple Spring Data modules found, entering strict repository configuration mode
26-05-24.16:54:24.500 [main            ] INFO  RepositoryConfigurationDelegate - Bootstrapping Spring Data Redis repositories in DEFAULT mode.
26-05-24.16:54:24.609 [main            ] INFO  RepositoryConfigurationDelegate - Finished Spring Data repository scanning in 74 ms. Found 0 Redis repository interfaces.
26-05-24.16:54:26.628 [main            ] INFO  Version                - Redisson 3.44.0
26-05-24.16:54:27.113 [redisson-netty-1-4] INFO  ConnectionsHolder      - 1 connections initialized for 159.75.79.79/159.75.79.79:16379
26-05-24.16:54:27.338 [redisson-netty-1-13] INFO  ConnectionsHolder      - 5 connections initialized for 159.75.79.79/159.75.79.79:16379
26-05-24.16:54:28.045 [main            ] INFO  OptionalValidatorFactoryBean - Failed to set up a Bean Validation provider: jakarta.validation.NoProviderFoundException: Unable to create a Configuration, because no Jakarta Bean Validation provider could be found. Add a provider like Hibernate Validator (RI) to your classpath.
26-05-24.16:54:29.267 [main            ] INFO  RaffleServiceTest      - Started RaffleServiceTest in 6.887 seconds (process running for 8.404)
26-05-24.16:54:29.271 [main            ] INFO  ActivityAutoConfiguration - 开始自动装配, 活动ID:[20001], 策略ID:[100001]
26-05-24.16:54:29.321 [main            ] INFO  HikariDataSource       - HikariPool-1 - Starting...
26-05-24.16:54:30.086 [main            ] INFO  HikariPool             - HikariPool-1 - Added connection com.mysql.cj.jdbc.ConnectionImpl@7e0941cc
26-05-24.16:54:30.089 [main            ] INFO  HikariDataSource       - HikariPool-1 - Start completed.
26-05-24.16:54:30.460 [main            ] INFO  ActivityAutoConfiguration - 活动装配完成
26-05-24.16:54:31.439 [main            ] ERROR SpringApplication      - Application run failed
java.lang.NullPointerException: Cannot invoke "java.util.Map.entrySet()" because "awardRates" is null
	at shirlin.ai.domain.strategy.service.Armory.StrategyArmory.buildRangeTableFromRates(StrategyArmory.java:81)
	at shirlin.ai.domain.strategy.service.Armory.StrategyArmory.assembleLotteryStrategy(StrategyArmory.java:71)
	at shirlin.ai.config.ActivityAutoConfiguration.onApplicationEvent(ActivityAutoConfiguration.java:47)
	at shirlin.ai.config.ActivityAutoConfiguration.onApplicationEvent(ActivityAutoConfiguration.java:15)
	at shirlin.ai.config.ActivityAutoConfiguration$$SpringCGLIB$$0.onApplicationEvent(<generated>)
	at org.springframework.context.event.SimpleApplicationEventMulticaster.doInvokeListener(SimpleApplicationEventMulticaster.java:185)
	at org.springframework.context.event.SimpleApplicationEventMulticaster.invokeListener(SimpleApplicationEventMulticaster.java:178)
	at org.springframework.context.event.SimpleApplicationEventMulticaster.multicastEvent(SimpleApplicationEventMulticaster.java:156)
	at org.springframework.context.support.AbstractApplicationContext.publishEvent(AbstractApplicationContext.java:454)
	at org.springframework.context.support.AbstractApplicationContext.publishEvent(AbstractApplicationContext.java:387)
	at org.springframework.boot.context.event.EventPublishingRunListener.ready(EventPublishingRunListener.java:109)
	at org.springframework.boot.SpringApplicationRunListeners.lambda$ready$6(SpringApplicationRunListeners.java:80)
	at java.base/java.lang.Iterable.forEach(Iterable.java:75)
	at org.springframework.boot.SpringApplicationRunListeners.doWithListeners(SpringApplicationRunListeners.java:118)
	at org.springframework.boot.SpringApplicationRunListeners.doWithListeners(SpringApplicationRunListeners.java:112)
	at org.springframework.boot.SpringApplicationRunListeners.ready(SpringApplicationRunListeners.java:80)
	at org.springframework.boot.SpringApplication.run(SpringApplication.java:332)
	at org.springframework.boot.test.context.SpringBootContextLoader.lambda$loadContext$3(SpringBootContextLoader.java:137)
	at org.springframework.util.function.ThrowingSupplier.get(ThrowingSupplier.java:58)
	at org.springframework.util.function.ThrowingSupplier.get(ThrowingSupplier.java:46)
	at org.springframework.boot.SpringApplication.withHook(SpringApplication.java:1461)
	at org.springframework.boot.test.context.SpringBootContextLoader$ContextLoaderHook.run(SpringBootContextLoader.java:553)
	at org.springframework.boot.test.context.SpringBootContextLoader.loadContext(SpringBootContextLoader.java:137)
	at org.springframework.boot.test.context.SpringBootContextLoader.loadContext(SpringBootContextLoader.java:108)
	at org.springframework.test.context.cache.DefaultCacheAwareContextLoaderDelegate.loadContextInternal(DefaultCacheAwareContextLoaderDelegate.java:225)
	at org.springframework.test.context.cache.DefaultCacheAwareContextLoaderDelegate.loadContext(DefaultCacheAwareContextLoaderDelegate.java:152)
	at org.springframework.test.context.support.DefaultTestContext.getApplicationContext(DefaultTestContext.java:130)
	at org.springframework.test.context.web.ServletTestExecutionListener.setUpRequestContextIfNecessary(ServletTestExecutionListener.java:200)
	at org.springframework.test.context.web.ServletTestExecutionListener.prepareTestInstance(ServletTestExecutionListener.java:139)
	at org.springframework.test.context.TestContextManager.prepareTestInstance(TestContextManager.java:260)
	at org.springframework.test.context.junit4.SpringJUnit4ClassRunner.createTest(SpringJUnit4ClassRunner.java:228)
	at org.springframework.test.context.junit4.SpringJUnit4ClassRunner$1.runReflectiveCall(SpringJUnit4ClassRunner.java:289)
	at org.junit.internal.runners.model.ReflectiveCallable.run(ReflectiveCallable.java:12)
	at org.springframework.test.context.junit4.SpringJUnit4ClassRunner.methodBlock(SpringJUnit4ClassRunner.java:291)
	at org.springframework.test.context.junit4.SpringJUnit4ClassRunner.runChild(SpringJUnit4ClassRunner.java:247)
	at org.springframework.test.context.junit4.SpringJUnit4ClassRunner.runChild(SpringJUnit4ClassRunner.java:97)
	at org.junit.runners.ParentRunner$4.run(ParentRunner.java:331)
	at org.junit.runners.ParentRunner$1.schedule(ParentRunner.java:79)
	at org.junit.runners.ParentRunner.runChildren(ParentRunner.java:329)
	at org.junit.runners.ParentRunner.access$100(ParentRunner.java:66)
	at org.junit.runners.ParentRunner$2.evaluate(ParentRunner.java:293)
	at org.springframework.test.context.junit4.statements.RunBeforeTestClassCallbacks.evaluate(RunBeforeTestClassCallbacks.java:61)
	at org.springframework.test.context.junit4.statements.RunAfterTestClassCallbacks.evaluate(RunAfterTestClassCallbacks.java:70)
	at org.junit.runners.ParentRunner$3.evaluate(ParentRunner.java:306)
	at org.junit.runners.ParentRunner.run(ParentRunner.java:413)
	at org.springframework.test.context.junit4.SpringJUnit4ClassRunner.run(SpringJUnit4ClassRunner.java:191)
	at org.junit.runner.JUnitCore.run(JUnitCore.java:137)
	at com.intellij.junit4.JUnit4IdeaTestRunner.startRunnerWithArgs(JUnit4IdeaTestRunner.java:69)
	at com.intellij.rt.junit.IdeaTestRunner$Repeater$1.execute(IdeaTestRunner.java:38)
	at com.intellij.rt.execution.junit.TestsRepeater.repeat(TestsRepeater.java:11)
	at com.intellij.rt.junit.IdeaTestRunner$Repeater.startRunnerWithArgs(IdeaTestRunner.java:35)
	at com.intellij.rt.junit.JUnitStarter.prepareStreamsAndStart(JUnitStarter.java:237)
	at com.intellij.rt.junit.JUnitStarter.main(JUnitStarter.java:58)
26-05-24.16:54:31.465 [main            ] INFO  HikariDataSource       - HikariPool-1 - Shutdown initiated...
26-05-24.16:54:31.630 [main            ] INFO  HikariDataSource       - HikariPool-1 - Shutdown completed.
26-05-24.16:54:31.636 [main            ] WARN  TestContextManager     - Caught exception while allowing TestExecutionListener [org.springframework.test.context.web.ServletTestExecutionListener] to prepare test instance [shirlin.ai.test.Domain.RaffleServiceTest@57a0aeb8]
java.lang.IllegalStateException: Failed to load ApplicationContext for [WebMergedContextConfiguration@3ca5da54 testClass = shirlin.ai.test.Domain.RaffleServiceTest, locations = [], classes = [shirlin.ai.Application], contextInitializerClasses = [], activeProfiles = [], propertySourceDescriptors = [], propertySourceProperties = ["org.springframework.boot.test.context.SpringBootTestContextBootstrapper=true"], contextCustomizers = [org.springframework.boot.test.context.filter.ExcludeFilterContextCustomizer@5e600dd5, org.springframework.boot.test.json.DuplicateJsonObjectContextCustomizerFactory$DuplicateJsonObjectContextCustomizer@4d5650ae, org.springframework.boot.test.mock.mockito.MockitoContextCustomizer@0, org.springframework.boot.test.web.client.TestRestTemplateContextCustomizer@6574a52c, org.springframework.boot.test.web.reactor.netty.DisableReactorResourceFactoryGlobalResourcesContextCustomizerFactory$DisableReactorResourceFactoryGlobalResourcesContextCustomizerCustomizer@2a7f1f10, org.springframework.boot.test.autoconfigure.OnFailureConditionReportContextCustomizerFactory$OnFailureConditionReportContextCustomizer@740cae06, org.springframework.boot.test.autoconfigure.actuate.observability.ObservabilityContextCustomizerFactory$DisableObservabilityContextCustomizer@1f, org.springframework.boot.test.autoconfigure.properties.PropertyMappingContextCustomizer@0, org.springframework.boot.test.autoconfigure.web.servlet.WebDriverContextCustomizer@58cbafc2, org.springframework.test.context.support.DynamicPropertiesContextCustomizer@0, org.springframework.boot.test.context.SpringBootTestAnnotation@16eeb82c], resourceBasePath = "src/main/webapp", contextLoader = org.springframework.boot.test.context.SpringBootContextLoader, parent = null]
	at org.springframework.test.context.cache.DefaultCacheAwareContextLoaderDelegate.loadContext(DefaultCacheAwareContextLoaderDelegate.java:180)
	at org.springframework.test.context.support.DefaultTestContext.getApplicationContext(DefaultTestContext.java:130)
	at org.springframework.test.context.web.ServletTestExecutionListener.setUpRequestContextIfNecessary(ServletTestExecutionListener.java:200)
	at org.springframework.test.context.web.ServletTestExecutionListener.prepareTestInstance(ServletTestExecutionListener.java:139)
	at org.springframework.test.context.TestContextManager.prepareTestInstance(TestContextManager.java:260)
	at org.springframework.test.context.junit4.SpringJUnit4ClassRunner.createTest(SpringJUnit4ClassRunner.java:228)
	at org.springframework.test.context.junit4.SpringJUnit4ClassRunner$1.runReflectiveCall(SpringJUnit4ClassRunner.java:289)
	at org.junit.internal.runners.model.ReflectiveCallable.run(ReflectiveCallable.java:12)
	at org.springframework.test.context.junit4.SpringJUnit4ClassRunner.methodBlock(SpringJUnit4ClassRunner.java:291)
	at org.springframework.test.context.junit4.SpringJUnit4ClassRunner.runChild(SpringJUnit4ClassRunner.java:247)
	at org.springframework.test.context.junit4.SpringJUnit4ClassRunner.runChild(SpringJUnit4ClassRunner.java:97)
	at org.junit.runners.ParentRunner$4.run(ParentRunner.java:331)
	at org.junit.runners.ParentRunner$1.schedule(ParentRunner.java:79)
	at org.junit.runners.ParentRunner.runChildren(ParentRunner.java:329)
	at org.junit.runners.ParentRunner.access$100(ParentRunner.java:66)
	at org.junit.runners.ParentRunner$2.evaluate(ParentRunner.java:293)
	at org.springframework.test.context.junit4.statements.RunBeforeTestClassCallbacks.evaluate(RunBeforeTestClassCallbacks.java:61)
	at org.springframework.test.context.junit4.statements.RunAfterTestClassCallbacks.evaluate(RunAfterTestClassCallbacks.java:70)
	at org.junit.runners.ParentRunner$3.evaluate(ParentRunner.java:306)
	at org.junit.runners.ParentRunner.run(ParentRunner.java:413)
	at org.springframework.test.context.junit4.SpringJUnit4ClassRunner.run(SpringJUnit4ClassRunner.java:191)
	at org.junit.runner.JUnitCore.run(JUnitCore.java:137)
	at com.intellij.junit4.JUnit4IdeaTestRunner.startRunnerWithArgs(JUnit4IdeaTestRunner.java:69)
	at com.intellij.rt.junit.IdeaTestRunner$Repeater$1.execute(IdeaTestRunner.java:38)
	at com.intellij.rt.execution.junit.TestsRepeater.repeat(TestsRepeater.java:11)
	at com.intellij.rt.junit.IdeaTestRunner$Repeater.startRunnerWithArgs(IdeaTestRunner.java:35)
	at com.intellij.rt.junit.JUnitStarter.prepareStreamsAndStart(JUnitStarter.java:237)
	at com.intellij.rt.junit.JUnitStarter.main(JUnitStarter.java:58)
Caused by: java.lang.NullPointerException: Cannot invoke "java.util.Map.entrySet()" because "awardRates" is null
	at shirlin.ai.domain.strategy.service.Armory.StrategyArmory.buildRangeTableFromRates(StrategyArmory.java:81)
	at shirlin.ai.domain.strategy.service.Armory.StrategyArmory.assembleLotteryStrategy(StrategyArmory.java:71)
	at shirlin.ai.config.ActivityAutoConfiguration.onApplicationEvent(ActivityAutoConfiguration.java:47)
	at shirlin.ai.config.ActivityAutoConfiguration.onApplicationEvent(ActivityAutoConfiguration.java:15)
	at shirlin.ai.config.ActivityAutoConfiguration$$SpringCGLIB$$0.onApplicationEvent(<generated>)
	at org.springframework.context.event.SimpleApplicationEventMulticaster.doInvokeListener(SimpleApplicationEventMulticaster.java:185)
	at org.springframework.context.event.SimpleApplicationEventMulticaster.invokeListener(SimpleApplicationEventMulticaster.java:178)
	at org.springframework.context.event.SimpleApplicationEventMulticaster.multicastEvent(SimpleApplicationEventMulticaster.java:156)
	at org.springframework.context.support.AbstractApplicationContext.publishEvent(AbstractApplicationContext.java:454)
	at org.springframework.context.support.AbstractApplicationContext.publishEvent(AbstractApplicationContext.java:387)
	at org.springframework.boot.context.event.EventPublishingRunListener.ready(EventPublishingRunListener.java:109)
	at org.springframework.boot.SpringApplicationRunListeners.lambda$ready$6(SpringApplicationRunListeners.java:80)
	at java.base/java.lang.Iterable.forEach(Iterable.java:75)
	at org.springframework.boot.SpringApplicationRunListeners.doWithListeners(SpringApplicationRunListeners.java:118)
	at org.springframework.boot.SpringApplicationRunListeners.doWithListeners(SpringApplicationRunListeners.java:112)
	at org.springframework.boot.SpringApplicationRunListeners.ready(SpringApplicationRunListeners.java:80)
	at org.springframework.boot.SpringApplication.run(SpringApplication.java:332)
	at org.springframework.boot.test.context.SpringBootContextLoader.lambda$loadContext$3(SpringBootContextLoader.java:137)
	at org.springframework.util.function.ThrowingSupplier.get(ThrowingSupplier.java:58)
	at org.springframework.util.function.ThrowingSupplier.get(ThrowingSupplier.java:46)
	at org.springframework.boot.SpringApplication.withHook(SpringApplication.java:1461)
	at org.springframework.boot.test.context.SpringBootContextLoader$ContextLoaderHook.run(SpringBootContextLoader.java:553)
	at org.springframework.boot.test.context.SpringBootContextLoader.loadContext(SpringBootContextLoader.java:137)
	at org.springframework.boot.test.context.SpringBootContextLoader.loadContext(SpringBootContextLoader.java:108)
	at org.springframework.test.context.cache.DefaultCacheAwareContextLoaderDelegate.loadContextInternal(DefaultCacheAwareContextLoaderDelegate.java:225)
	at org.springframework.test.context.cache.DefaultCacheAwareContextLoaderDelegate.loadContext(DefaultCacheAwareContextLoaderDelegate.java:152)
	... 27 common frames omitted
26-05-24.16:58:13.748 [main            ] INFO  RaffleServiceTest      - Starting RaffleServiceTest using Java 17.0.18 with PID 32928 (started by asus in C:\Users\asus\Desktop\Big-Market\Big-Market-app)
26-05-24.16:58:13.750 [main            ] INFO  RaffleServiceTest      - The following 1 profile is active: "dev"
26-05-24.16:58:14.748 [main            ] INFO  RepositoryConfigurationDelegate - Multiple Spring Data modules found, entering strict repository configuration mode
26-05-24.16:58:14.752 [main            ] INFO  RepositoryConfigurationDelegate - Bootstrapping Spring Data Redis repositories in DEFAULT mode.
26-05-24.16:58:14.815 [main            ] INFO  RepositoryConfigurationDelegate - Finished Spring Data repository scanning in 43 ms. Found 0 Redis repository interfaces.
26-05-24.16:58:16.573 [main            ] INFO  Version                - Redisson 3.44.0
26-05-24.16:58:17.000 [redisson-netty-1-4] INFO  ConnectionsHolder      - 1 connections initialized for 159.75.79.79/159.75.79.79:16379
26-05-24.16:58:17.250 [redisson-netty-1-13] INFO  ConnectionsHolder      - 5 connections initialized for 159.75.79.79/159.75.79.79:16379
26-05-24.16:58:17.878 [main            ] INFO  OptionalValidatorFactoryBean - Failed to set up a Bean Validation provider: jakarta.validation.NoProviderFoundException: Unable to create a Configuration, because no Jakarta Bean Validation provider could be found. Add a provider like Hibernate Validator (RI) to your classpath.
26-05-24.16:58:18.971 [main            ] INFO  RaffleServiceTest      - Started RaffleServiceTest in 5.849 seconds (process running for 7.147)
26-05-24.16:58:18.977 [main            ] INFO  ActivityAutoConfiguration - 开始自动装配, 活动ID:[20001], 策略ID:[100001]
26-05-24.16:58:19.028 [main            ] INFO  HikariDataSource       - HikariPool-1 - Starting...
26-05-24.16:58:20.308 [main            ] INFO  HikariPool             - HikariPool-1 - Added connection com.mysql.cj.jdbc.ConnectionImpl@128ca7af
26-05-24.16:58:20.310 [main            ] INFO  HikariDataSource       - HikariPool-1 - Start completed.
26-05-24.16:58:20.906 [main            ] INFO  ActivityAutoConfiguration - 活动装配完成
26-05-24.16:58:21.597 [main            ] WARN  StrategyArmory         - 权重分组 awardRates 未配置，跳过 strategyId:100001 groupId:null
26-05-24.16:58:21.597 [main            ] WARN  StrategyArmory         - 权重分组 awardRates 未配置，跳过 strategyId:100001 groupId:null
26-05-24.16:58:21.597 [main            ] INFO  ActivityAutoConfiguration - 策略装配完成
26-05-24.16:58:26.321 [SpringApplicationShutdownHook] INFO  HikariDataSource       - HikariPool-1 - Shutdown initiated...
26-05-24.16:58:26.612 [SpringApplicationShutdownHook] INFO  HikariDataSource       - HikariPool-1 - Shutdown completed.
26-05-24.17:04:39.754 [main            ] INFO  RaffleServiceTest      - Starting RaffleServiceTest using Java 17.0.18 with PID 12396 (started by asus in C:\Users\asus\Desktop\Big-Market\Big-Market-app)
26-05-24.17:04:39.756 [main            ] INFO  RaffleServiceTest      - The following 1 profile is active: "dev"
26-05-24.17:04:40.848 [main            ] INFO  RepositoryConfigurationDelegate - Multiple Spring Data modules found, entering strict repository configuration mode
26-05-24.17:04:40.853 [main            ] INFO  RepositoryConfigurationDelegate - Bootstrapping Spring Data Redis repositories in DEFAULT mode.
26-05-24.17:04:40.942 [main            ] INFO  RepositoryConfigurationDelegate - Finished Spring Data repository scanning in 58 ms. Found 0 Redis repository interfaces.
26-05-24.17:04:43.376 [main            ] INFO  Version                - Redisson 3.44.0
26-05-24.17:04:43.797 [redisson-netty-1-5] INFO  ConnectionsHolder      - 1 connections initialized for 159.75.79.79/159.75.79.79:16379
26-05-24.17:04:44.166 [redisson-netty-1-13] INFO  ConnectionsHolder      - 5 connections initialized for 159.75.79.79/159.75.79.79:16379
26-05-24.17:04:45.251 [main            ] INFO  OptionalValidatorFactoryBean - Failed to set up a Bean Validation provider: jakarta.validation.NoProviderFoundException: Unable to create a Configuration, because no Jakarta Bean Validation provider could be found. Add a provider like Hibernate Validator (RI) to your classpath.
26-05-24.17:04:46.644 [main            ] INFO  RaffleServiceTest      - Started RaffleServiceTest in 7.562 seconds (process running for 8.965)
26-05-24.17:04:46.650 [main            ] INFO  ActivityAutoConfiguration - 开始自动装配, 活动ID:[20001], 策略ID:[100001]
26-05-24.17:04:46.739 [main            ] INFO  HikariDataSource       - HikariPool-1 - Starting...
26-05-24.17:04:47.598 [main            ] INFO  HikariPool             - HikariPool-1 - Added connection com.mysql.cj.jdbc.ConnectionImpl@7f57a7a4
26-05-24.17:04:47.600 [main            ] INFO  HikariDataSource       - HikariPool-1 - Start completed.
26-05-24.17:04:48.574 [main            ] INFO  ActivityAutoConfiguration - 活动装配完成
26-05-24.17:04:49.494 [main            ] INFO  StrategyArmory         - 权重分组区间表装配完成 strategyId:100001 groupId:weight_group_5000 tableSize:6
26-05-24.17:04:49.519 [main            ] INFO  StrategyArmory         - 权重分组区间表装配完成 strategyId:100001 groupId:weight_group_1000 tableSize:6
26-05-24.17:04:49.519 [main            ] INFO  ActivityAutoConfiguration - 策略装配完成
26-05-24.17:04:53.203 [main            ] WARN  ActivitySkuStockHandler - SKU 库存不足 activityId:20001
26-05-24.17:04:53.251 [SpringApplicationShutdownHook] INFO  HikariDataSource       - HikariPool-1 - Shutdown initiated...
26-05-24.17:04:53.613 [SpringApplicationShutdownHook] INFO  HikariDataSource       - HikariPool-1 - Shutdown completed.
26-05-24.17:09:35.109 [main            ] INFO  testParseRuleWeightConfig - Starting testParseRuleWeightConfig using Java 21.0.9 with PID 25800 (started by asus in C:\Users\asus\Desktop\Big-Market\Big-Market-app)
26-05-24.17:09:35.110 [main            ] INFO  testParseRuleWeightConfig - The following 1 profile is active: "dev"
26-05-24.17:09:36.319 [main            ] INFO  RepositoryConfigurationDelegate - Multiple Spring Data modules found, entering strict repository configuration mode
26-05-24.17:09:36.323 [main            ] INFO  RepositoryConfigurationDelegate - Bootstrapping Spring Data Redis repositories in DEFAULT mode.
26-05-24.17:09:36.394 [main            ] INFO  RepositoryConfigurationDelegate - Finished Spring Data repository scanning in 48 ms. Found 0 Redis repository interfaces.
26-05-24.17:09:38.282 [main            ] INFO  Version                - Redisson 3.44.0
26-05-24.17:09:38.675 [redisson-netty-1-4] INFO  ConnectionsHolder      - 1 connections initialized for 159.75.79.79/159.75.79.79:16379
26-05-24.17:09:38.878 [redisson-netty-1-13] INFO  ConnectionsHolder      - 5 connections initialized for 159.75.79.79/159.75.79.79:16379
26-05-24.17:09:39.555 [main            ] INFO  OptionalValidatorFactoryBean - Failed to set up a Bean Validation provider: jakarta.validation.NoProviderFoundException: Unable to create a Configuration, because no Jakarta Bean Validation provider could be found. Add a provider like Hibernate Validator (RI) to your classpath.
26-05-24.17:09:40.492 [main            ] INFO  testParseRuleWeightConfig - Started testParseRuleWeightConfig in 6.026 seconds (process running for 7.684)
26-05-24.17:09:40.495 [main            ] INFO  ActivityAutoConfiguration - 开始自动装配, 活动ID:[20001], 策略ID:[100001]
26-05-24.17:09:40.557 [main            ] INFO  HikariDataSource       - HikariPool-1 - Starting...
26-05-24.17:09:41.417 [main            ] INFO  HikariPool             - HikariPool-1 - Added connection com.mysql.cj.jdbc.ConnectionImpl@b1f36e5
26-05-24.17:09:41.420 [main            ] INFO  HikariDataSource       - HikariPool-1 - Start completed.
26-05-24.17:09:41.747 [main            ] INFO  ActivityAutoConfiguration - 活动装配完成
26-05-24.17:09:42.338 [main            ] INFO  StrategyArmory         - 权重分组区间表装配完成 strategyId:100001 groupId:weight_group_5000 tableSize:6
26-05-24.17:09:42.359 [main            ] INFO  StrategyArmory         - 权重分组区间表装配完成 strategyId:100001 groupId:weight_group_1000 tableSize:6
26-05-24.17:09:42.359 [main            ] INFO  ActivityAutoConfiguration - 策略装配完成
26-05-24.17:09:45.914 [SpringApplicationShutdownHook] INFO  HikariDataSource       - HikariPool-1 - Shutdown initiated...
26-05-24.17:09:46.269 [SpringApplicationShutdownHook] INFO  HikariDataSource       - HikariPool-1 - Shutdown completed.
26-05-24.17:11:07.037 [main            ] INFO  RaffleServiceTest      - Starting RaffleServiceTest using Java 21.0.9 with PID 10688 (started by asus in C:\Users\asus\Desktop\Big-Market\Big-Market-app)
26-05-24.17:11:07.038 [main            ] INFO  RaffleServiceTest      - The following 1 profile is active: "dev"
26-05-24.17:11:08.004 [main            ] INFO  RepositoryConfigurationDelegate - Multiple Spring Data modules found, entering strict repository configuration mode
26-05-24.17:11:08.008 [main            ] INFO  RepositoryConfigurationDelegate - Bootstrapping Spring Data Redis repositories in DEFAULT mode.
26-05-24.17:11:08.071 [main            ] INFO  RepositoryConfigurationDelegate - Finished Spring Data repository scanning in 46 ms. Found 0 Redis repository interfaces.
26-05-24.17:11:09.744 [main            ] INFO  Version                - Redisson 3.44.0
26-05-24.17:11:10.092 [redisson-netty-1-5] INFO  ConnectionsHolder      - 1 connections initialized for 159.75.79.79/159.75.79.79:16379
26-05-24.17:11:10.301 [redisson-netty-1-13] INFO  ConnectionsHolder      - 5 connections initialized for 159.75.79.79/159.75.79.79:16379
26-05-24.17:11:10.937 [main            ] INFO  OptionalValidatorFactoryBean - Failed to set up a Bean Validation provider: jakarta.validation.NoProviderFoundException: Unable to create a Configuration, because no Jakarta Bean Validation provider could be found. Add a provider like Hibernate Validator (RI) to your classpath.
26-05-24.17:11:11.660 [main            ] INFO  RaffleServiceTest      - Started RaffleServiceTest in 5.225 seconds (process running for 6.572)
26-05-24.17:11:11.664 [main            ] INFO  ActivityAutoConfiguration - 开始自动装配, 活动ID:[20001], 策略ID:[100001]
26-05-24.17:11:11.719 [main            ] INFO  HikariDataSource       - HikariPool-1 - Starting...
26-05-24.17:11:12.396 [main            ] INFO  HikariPool             - HikariPool-1 - Added connection com.mysql.cj.jdbc.ConnectionImpl@113cc14d
26-05-24.17:11:12.399 [main            ] INFO  HikariDataSource       - HikariPool-1 - Start completed.
26-05-24.17:11:12.637 [main            ] INFO  ActivityAutoConfiguration - 活动装配完成
26-05-24.17:11:13.270 [main            ] INFO  StrategyArmory         - 权重分组区间表装配完成 strategyId:100001 groupId:weight_group_5000 tableSize:6
26-05-24.17:11:13.297 [main            ] INFO  StrategyArmory         - 权重分组区间表装配完成 strategyId:100001 groupId:weight_group_1000 tableSize:6
26-05-24.17:11:13.297 [main            ] INFO  ActivityAutoConfiguration - 策略装配完成
26-05-24.17:11:16.911 [main            ] WARN  ActivitySkuStockHandler - SKU 库存不足 activityId:20001
26-05-24.17:11:16.953 [SpringApplicationShutdownHook] INFO  HikariDataSource       - HikariPool-1 - Shutdown initiated...
26-05-24.17:11:17.361 [SpringApplicationShutdownHook] INFO  HikariDataSource       - HikariPool-1 - Shutdown completed.
26-05-24.19:51:17.472 [main            ] INFO  RaffleServiceTest      - Starting RaffleServiceTest using Java 21.0.9 with PID 40940 (started by asus in C:\Users\asus\Desktop\Big-Market\Big-Market-app)
26-05-24.19:51:17.474 [main            ] INFO  RaffleServiceTest      - The following 1 profile is active: "dev"
26-05-24.19:51:18.916 [main            ] INFO  RepositoryConfigurationDelegate - Multiple Spring Data modules found, entering strict repository configuration mode
26-05-24.19:51:18.924 [main            ] INFO  RepositoryConfigurationDelegate - Bootstrapping Spring Data Redis repositories in DEFAULT mode.
26-05-24.19:51:19.008 [main            ] INFO  RepositoryConfigurationDelegate - Finished Spring Data repository scanning in 49 ms. Found 0 Redis repository interfaces.
26-05-24.19:51:21.332 [main            ] INFO  Version                - Redisson 3.44.0
26-05-24.19:51:21.774 [redisson-netty-1-5] INFO  ConnectionsHolder      - 1 connections initialized for 159.75.79.79/159.75.79.79:16379
26-05-24.19:51:27.992 [redisson-netty-1-15] INFO  ConnectionsHolder      - 1 connections initialized for 159.75.79.79/159.75.79.79:16379
26-05-24.19:51:28.198 [redisson-netty-1-24] INFO  ConnectionsHolder      - 5 connections initialized for 159.75.79.79/159.75.79.79:16379
26-05-24.19:51:29.007 [main            ] INFO  OptionalValidatorFactoryBean - Failed to set up a Bean Validation provider: jakarta.validation.NoProviderFoundException: Unable to create a Configuration, because no Jakarta Bean Validation provider could be found. Add a provider like Hibernate Validator (RI) to your classpath.
26-05-24.19:51:30.085 [main            ] INFO  RaffleServiceTest      - Started RaffleServiceTest in 13.313 seconds (process running for 15.063)
26-05-24.19:51:30.090 [main            ] INFO  ActivityAutoConfiguration - 开始自动装配, 活动ID:[20001], 策略ID:[100001]
26-05-24.19:51:30.154 [main            ] INFO  HikariDataSource       - HikariPool-1 - Starting...
26-05-24.19:51:30.955 [main            ] INFO  HikariPool             - HikariPool-1 - Added connection com.mysql.cj.jdbc.ConnectionImpl@30a6984c
26-05-24.19:51:30.957 [main            ] INFO  HikariDataSource       - HikariPool-1 - Start completed.
26-05-24.19:51:31.362 [main            ] INFO  ActivityAutoConfiguration - 活动装配完成
26-05-24.19:51:32.159 [main            ] INFO  StrategyArmory         - 权重分组区间表装配完成 strategyId:100001 groupId:weight_group_5000 tableSize:6
26-05-24.19:51:32.185 [main            ] INFO  StrategyArmory         - 权重分组区间表装配完成 strategyId:100001 groupId:weight_group_1000 tableSize:6
26-05-24.19:51:32.185 [main            ] INFO  ActivityAutoConfiguration - 策略装配完成
26-05-24.19:51:36.006 [main            ] WARN  ActivitySkuStockHandler - SKU 库存不足 activityId:20001
26-05-24.19:51:36.061 [SpringApplicationShutdownHook] INFO  HikariDataSource       - HikariPool-1 - Shutdown initiated...
26-05-24.19:51:40.141 [SpringApplicationShutdownHook] INFO  HikariDataSource       - HikariPool-1 - Shutdown completed.
26-05-24.19:53:30.174 [main            ] INFO  RaffleServiceTest      - Starting RaffleServiceTest using Java 21.0.9 with PID 2428 (started by asus in C:\Users\asus\Desktop\Big-Market\Big-Market-app)
26-05-24.19:53:30.176 [main            ] INFO  RaffleServiceTest      - The following 1 profile is active: "dev"
26-05-24.19:53:31.132 [main            ] INFO  RepositoryConfigurationDelegate - Multiple Spring Data modules found, entering strict repository configuration mode
26-05-24.19:53:31.136 [main            ] INFO  RepositoryConfigurationDelegate - Bootstrapping Spring Data Redis repositories in DEFAULT mode.
26-05-24.19:53:31.295 [main            ] INFO  RepositoryConfigurationDelegate - Finished Spring Data repository scanning in 123 ms. Found 0 Redis repository interfaces.
26-05-24.19:53:34.802 [main            ] INFO  Version                - Redisson 3.44.0
26-05-24.19:53:35.485 [redisson-netty-1-4] INFO  ConnectionsHolder      - 1 connections initialized for 159.75.79.79/159.75.79.79:16379
26-05-24.19:53:39.985 [redisson-netty-1-13] INFO  ConnectionsHolder      - 5 connections initialized for 159.75.79.79/159.75.79.79:16379
26-05-24.19:53:41.152 [main            ] INFO  OptionalValidatorFactoryBean - Failed to set up a Bean Validation provider: jakarta.validation.NoProviderFoundException: Unable to create a Configuration, because no Jakarta Bean Validation provider could be found. Add a provider like Hibernate Validator (RI) to your classpath.
26-05-24.19:53:42.600 [main            ] INFO  RaffleServiceTest      - Started RaffleServiceTest in 13.067 seconds (process running for 14.406)
26-05-24.19:53:42.607 [main            ] INFO  ActivityAutoConfiguration - 开始自动装配, 活动ID:[20001], 策略ID:[100001]
26-05-24.19:53:42.692 [main            ] INFO  HikariDataSource       - HikariPool-1 - Starting...
26-05-24.19:53:43.899 [main            ] INFO  HikariPool             - HikariPool-1 - Added connection com.mysql.cj.jdbc.ConnectionImpl@113cc14d
26-05-24.19:53:43.903 [main            ] INFO  HikariDataSource       - HikariPool-1 - Start completed.
26-05-24.19:53:48.599 [main            ] INFO  ActivityAutoConfiguration - 活动装配完成
26-05-24.19:53:50.563 [main            ] INFO  StrategyArmory         - 权重分组区间表装配完成 strategyId:100001 groupId:weight_group_5000 tableSize:6
26-05-24.19:53:50.591 [main            ] INFO  StrategyArmory         - 权重分组区间表装配完成 strategyId:100001 groupId:weight_group_1000 tableSize:6
26-05-24.19:53:50.592 [main            ] INFO  ActivityAutoConfiguration - 策略装配完成
26-05-24.19:53:57.861 [SpringApplicationShutdownHook] INFO  HikariDataSource       - HikariPool-1 - Shutdown initiated...
26-05-24.19:54:18.113 [SpringApplicationShutdownHook] INFO  HikariDataSource       - HikariPool-1 - Shutdown completed.
26-05-24.19:57:09.030 [main            ] INFO  RaffleServiceTest      - Starting RaffleServiceTest using Java 21.0.9 with PID 7812 (started by asus in C:\Users\asus\Desktop\Big-Market\Big-Market-app)
26-05-24.19:57:09.032 [main            ] INFO  RaffleServiceTest      - The following 1 profile is active: "dev"
26-05-24.19:57:09.983 [main            ] INFO  RepositoryConfigurationDelegate - Multiple Spring Data modules found, entering strict repository configuration mode
26-05-24.19:57:09.986 [main            ] INFO  RepositoryConfigurationDelegate - Bootstrapping Spring Data Redis repositories in DEFAULT mode.
26-05-24.19:57:10.051 [main            ] INFO  RepositoryConfigurationDelegate - Finished Spring Data repository scanning in 46 ms. Found 0 Redis repository interfaces.
26-05-24.19:57:11.671 [main            ] INFO  Version                - Redisson 3.44.0
26-05-24.19:57:12.049 [redisson-netty-1-4] INFO  ConnectionsHolder      - 1 connections initialized for 159.75.79.79/159.75.79.79:16379
26-05-24.19:57:12.263 [redisson-netty-1-13] INFO  ConnectionsHolder      - 5 connections initialized for 159.75.79.79/159.75.79.79:16379
26-05-24.19:57:12.901 [main            ] INFO  OptionalValidatorFactoryBean - Failed to set up a Bean Validation provider: jakarta.validation.NoProviderFoundException: Unable to create a Configuration, because no Jakarta Bean Validation provider could be found. Add a provider like Hibernate Validator (RI) to your classpath.
26-05-24.19:57:13.611 [main            ] INFO  RaffleServiceTest      - Started RaffleServiceTest in 5.188 seconds (process running for 6.427)
26-05-24.19:57:13.614 [main            ] INFO  ActivityAutoConfiguration - 开始自动装配, 活动ID:[20001], 策略ID:[100001]
26-05-24.19:57:13.663 [main            ] INFO  HikariDataSource       - HikariPool-1 - Starting...
26-05-24.19:57:14.477 [main            ] INFO  HikariPool             - HikariPool-1 - Added connection com.mysql.cj.jdbc.ConnectionImpl@113cc14d
26-05-24.19:57:14.479 [main            ] INFO  HikariDataSource       - HikariPool-1 - Start completed.
26-05-24.19:57:14.738 [main            ] INFO  ActivityAutoConfiguration - 活动装配完成
26-05-24.19:57:15.371 [main            ] INFO  StrategyArmory         - 权重分组区间表装配完成 strategyId:100001 groupId:weight_group_5000 tableSize:6
26-05-24.19:57:15.393 [main            ] INFO  StrategyArmory         - 权重分组区间表装配完成 strategyId:100001 groupId:weight_group_1000 tableSize:6
26-05-24.19:57:15.394 [main            ] INFO  ActivityAutoConfiguration - 策略装配完成
26-05-24.19:57:19.101 [main            ] WARN  ActivitySkuStockHandler - SKU:30001 库存不足 activityId:20001
26-05-24.19:57:19.161 [SpringApplicationShutdownHook] INFO  HikariDataSource       - HikariPool-1 - Shutdown initiated...
26-05-24.19:57:20.323 [SpringApplicationShutdownHook] INFO  HikariDataSource       - HikariPool-1 - Shutdown completed.
26-05-24.20:10:07.521 [main            ] INFO  RaffleServiceTest      - Starting RaffleServiceTest using Java 21.0.9 with PID 36764 (started by asus in C:\Users\asus\Desktop\Big-Market\Big-Market-app)
26-05-24.20:10:07.522 [main            ] INFO  RaffleServiceTest      - The following 1 profile is active: "dev"
26-05-24.20:10:08.513 [main            ] INFO  RepositoryConfigurationDelegate - Multiple Spring Data modules found, entering strict repository configuration mode
26-05-24.20:10:08.516 [main            ] INFO  RepositoryConfigurationDelegate - Bootstrapping Spring Data Redis repositories in DEFAULT mode.
26-05-24.20:10:08.577 [main            ] INFO  RepositoryConfigurationDelegate - Finished Spring Data repository scanning in 43 ms. Found 0 Redis repository interfaces.
26-05-24.20:10:10.198 [main            ] INFO  Version                - Redisson 3.44.0
26-05-24.20:10:13.119 [redisson-netty-1-12] INFO  ConnectionsHolder      - 5 connections initialized for 159.75.79.79/159.75.79.79:16379
26-05-24.20:10:16.577 [redisson-netty-1-17] INFO  ConnectionsHolder      - 1 connections initialized for 159.75.79.79/159.75.79.79:16379
26-05-24.20:10:17.020 [redisson-netty-1-26] INFO  ConnectionsHolder      - 5 connections initialized for 159.75.79.79/159.75.79.79:16379
26-05-24.20:10:17.587 [main            ] INFO  OptionalValidatorFactoryBean - Failed to set up a Bean Validation provider: jakarta.validation.NoProviderFoundException: Unable to create a Configuration, because no Jakarta Bean Validation provider could be found. Add a provider like Hibernate Validator (RI) to your classpath.
26-05-24.20:10:18.303 [main            ] INFO  RaffleServiceTest      - Started RaffleServiceTest in 11.401 seconds (process running for 12.704)
26-05-24.20:10:18.306 [main            ] INFO  ActivityAutoConfiguration - 开始自动装配, 活动ID:[20001], 策略ID:[100001]
26-05-24.20:10:18.355 [main            ] INFO  HikariDataSource       - HikariPool-1 - Starting...
26-05-24.20:10:19.609 [main            ] INFO  HikariPool             - HikariPool-1 - Added connection com.mysql.cj.jdbc.ConnectionImpl@169d5567
26-05-24.20:10:19.611 [main            ] INFO  HikariDataSource       - HikariPool-1 - Start completed.
26-05-24.20:10:19.965 [main            ] INFO  ActivityAutoConfiguration - 活动装配完成
26-05-24.20:10:20.903 [main            ] INFO  StrategyArmory         - 权重分组区间表装配完成 strategyId:100001 groupId:weight_group_5000 tableSize:6
26-05-24.20:10:20.955 [main            ] INFO  StrategyArmory         - 权重分组区间表装配完成 strategyId:100001 groupId:weight_group_1000 tableSize:6
26-05-24.20:10:20.956 [main            ] INFO  ActivityAutoConfiguration - 策略装配完成
26-05-24.20:10:25.520 [main            ] WARN  ActivitySkuStockHandler - SKU:30001 库存不足 activityId:20001
26-05-24.20:10:25.558 [SpringApplicationShutdownHook] INFO  HikariDataSource       - HikariPool-1 - Shutdown initiated...
26-05-24.20:10:41.434 [SpringApplicationShutdownHook] INFO  HikariDataSource       - HikariPool-1 - Shutdown completed.
26-05-24.20:15:35.233 [main            ] INFO  RaffleServiceTest      - Starting RaffleServiceTest using Java 21.0.9 with PID 2420 (started by asus in C:\Users\asus\Desktop\Big-Market\Big-Market-app)
26-05-24.20:15:35.234 [main            ] INFO  RaffleServiceTest      - The following 1 profile is active: "dev"
26-05-24.20:15:36.193 [main            ] INFO  RepositoryConfigurationDelegate - Multiple Spring Data modules found, entering strict repository configuration mode
26-05-24.20:15:36.196 [main            ] INFO  RepositoryConfigurationDelegate - Bootstrapping Spring Data Redis repositories in DEFAULT mode.
26-05-24.20:15:36.252 [main            ] INFO  RepositoryConfigurationDelegate - Finished Spring Data repository scanning in 40 ms. Found 0 Redis repository interfaces.
26-05-24.20:15:37.770 [main            ] INFO  Version                - Redisson 3.44.0
26-05-24.20:15:38.118 [redisson-netty-1-4] INFO  ConnectionsHolder      - 1 connections initialized for 159.75.79.79/159.75.79.79:16379
26-05-24.20:15:38.417 [redisson-netty-1-13] INFO  ConnectionsHolder      - 5 connections initialized for 159.75.79.79/159.75.79.79:16379
26-05-24.20:15:39.020 [main            ] INFO  OptionalValidatorFactoryBean - Failed to set up a Bean Validation provider: jakarta.validation.NoProviderFoundException: Unable to create a Configuration, because no Jakarta Bean Validation provider could be found. Add a provider like Hibernate Validator (RI) to your classpath.
26-05-24.20:15:39.715 [main            ] INFO  RaffleServiceTest      - Started RaffleServiceTest in 5.098 seconds (process running for 6.359)
26-05-24.20:15:39.717 [main            ] INFO  ActivityAutoConfiguration - 开始自动装配, 活动ID:[20001], 策略ID:[100001]
26-05-24.20:15:39.762 [main            ] INFO  HikariDataSource       - HikariPool-1 - Starting...
26-05-24.20:15:40.481 [main            ] INFO  HikariPool             - HikariPool-1 - Added connection com.mysql.cj.jdbc.ConnectionImpl@71ce19ee
26-05-24.20:15:40.484 [main            ] INFO  HikariDataSource       - HikariPool-1 - Start completed.
26-05-24.20:15:40.797 [main            ] INFO  ActivityAutoConfiguration - 活动装配完成
26-05-24.20:15:41.318 [main            ] INFO  StrategyArmory         - 权重分组区间表装配完成 strategyId:100001 groupId:weight_group_5000 tableSize:6
26-05-24.20:15:41.341 [main            ] INFO  StrategyArmory         - 权重分组区间表装配完成 strategyId:100001 groupId:weight_group_1000 tableSize:6
26-05-24.20:15:41.341 [main            ] INFO  ActivityAutoConfiguration - 策略装配完成
26-05-24.20:15:46.896 [main            ] INFO  DefaultRaffleStrategy  - Stock 耗尽 strategyId:100001 awardId:106
26-05-24.20:15:47.203 [main            ] INFO  RaffleService          - 抽奖完成 userId:user_001 strategyId:100001 awardId:105
26-05-24.20:15:47.230 [main            ] INFO  RaffleServiceTest      - 抽奖测试结果：{"awardId":105,"awardType":4,"sort":5}
26-05-24.20:15:47.265 [SpringApplicationShutdownHook] INFO  HikariDataSource       - HikariPool-1 - Shutdown initiated...
26-05-24.20:15:47.677 [SpringApplicationShutdownHook] INFO  HikariDataSource       - HikariPool-1 - Shutdown completed.
26-05-24.20:26:27.940 [main            ] INFO  RaffleServiceTest      - Starting RaffleServiceTest using Java 21.0.9 with PID 36444 (started by asus in C:\Users\asus\Desktop\Big-Market\Big-Market-app)
26-05-24.20:26:27.942 [main            ] INFO  RaffleServiceTest      - The following 1 profile is active: "dev"
26-05-24.20:26:28.857 [main            ] INFO  RepositoryConfigurationDelegate - Multiple Spring Data modules found, entering strict repository configuration mode
26-05-24.20:26:28.862 [main            ] INFO  RepositoryConfigurationDelegate - Bootstrapping Spring Data Redis repositories in DEFAULT mode.
26-05-24.20:26:28.928 [main            ] INFO  RepositoryConfigurationDelegate - Finished Spring Data repository scanning in 49 ms. Found 0 Redis repository interfaces.
26-05-24.20:26:30.503 [main            ] INFO  Version                - Redisson 3.44.0
26-05-24.20:26:30.867 [redisson-netty-1-4] INFO  ConnectionsHolder      - 1 connections initialized for 159.75.79.79/159.75.79.79:16379
26-05-24.20:26:34.220 [redisson-netty-1-13] INFO  ConnectionsHolder      - 5 connections initialized for 159.75.79.79/159.75.79.79:16379
26-05-24.20:26:34.815 [main            ] INFO  OptionalValidatorFactoryBean - Failed to set up a Bean Validation provider: jakarta.validation.NoProviderFoundException: Unable to create a Configuration, because no Jakarta Bean Validation provider could be found. Add a provider like Hibernate Validator (RI) to your classpath.
26-05-24.20:26:35.566 [main            ] INFO  RaffleServiceTest      - Started RaffleServiceTest in 8.201 seconds (process running for 9.432)
26-05-24.20:26:35.569 [main            ] INFO  ActivityAutoConfiguration - 开始自动装配, 活动ID:[20001], 策略ID:[100001]
26-05-24.20:26:35.631 [main            ] INFO  HikariDataSource       - HikariPool-1 - Starting...
26-05-24.20:26:36.724 [main            ] INFO  HikariPool             - HikariPool-1 - Added connection com.mysql.cj.jdbc.ConnectionImpl@3c468360
26-05-24.20:26:36.728 [main            ] INFO  HikariDataSource       - HikariPool-1 - Start completed.
26-05-24.20:26:41.521 [main            ] INFO  ActivityAutoConfiguration - 活动装配完成
26-05-24.20:26:42.011 [main            ] INFO  StrategyArmory         - 权重分组区间表装配完成 strategyId:100001 groupId:weight_group_5000 tableSize:6
26-05-24.20:26:42.035 [main            ] INFO  StrategyArmory         - 权重分组区间表装配完成 strategyId:100001 groupId:weight_group_1000 tableSize:6
26-05-24.20:26:42.035 [main            ] INFO  ActivityAutoConfiguration - 策略装配完成
26-05-24.20:26:54.703 [main            ] INFO  StrategyArmory         - 权重分组区间表装配完成 strategyId:100001 groupId:weight_group_5000 tableSize:6
26-05-24.20:26:54.733 [main            ] INFO  StrategyArmory         - 权重分组区间表装配完成 strategyId:100001 groupId:weight_group_1000 tableSize:6
26-05-24.20:27:10.392 [SpringApplicationShutdownHook] INFO  HikariDataSource       - HikariPool-1 - Shutdown initiated...
26-05-24.20:27:20.395 [SpringApplicationShutdownHook] WARN  HikariPool             - Timed-out waiting for close connection executor to shutdown
26-05-24.20:27:20.396 [SpringApplicationShutdownHook] INFO  HikariDataSource       - HikariPool-1 - Shutdown completed.
26-05-24.20:27:36.506 [main            ] INFO  RaffleServiceTest      - Starting RaffleServiceTest using Java 21.0.9 with PID 15784 (started by asus in C:\Users\asus\Desktop\Big-Market\Big-Market-app)
26-05-24.20:27:36.507 [main            ] INFO  RaffleServiceTest      - The following 1 profile is active: "dev"
26-05-24.20:27:37.509 [main            ] INFO  RepositoryConfigurationDelegate - Multiple Spring Data modules found, entering strict repository configuration mode
26-05-24.20:27:37.512 [main            ] INFO  RepositoryConfigurationDelegate - Bootstrapping Spring Data Redis repositories in DEFAULT mode.
26-05-24.20:27:37.573 [main            ] INFO  RepositoryConfigurationDelegate - Finished Spring Data repository scanning in 43 ms. Found 0 Redis repository interfaces.
26-05-24.20:27:39.234 [main            ] INFO  Version                - Redisson 3.44.0
26-05-24.20:27:39.639 [redisson-netty-1-4] INFO  ConnectionsHolder      - 1 connections initialized for 159.75.79.79/159.75.79.79:16379
26-05-24.20:27:41.554 [redisson-netty-1-13] INFO  ConnectionsHolder      - 5 connections initialized for 159.75.79.79/159.75.79.79:16379
26-05-24.20:27:42.138 [main            ] INFO  OptionalValidatorFactoryBean - Failed to set up a Bean Validation provider: jakarta.validation.NoProviderFoundException: Unable to create a Configuration, because no Jakarta Bean Validation provider could be found. Add a provider like Hibernate Validator (RI) to your classpath.
26-05-24.20:27:42.820 [main            ] INFO  RaffleServiceTest      - Started RaffleServiceTest in 6.904 seconds (process running for 8.125)
26-05-24.20:27:42.823 [main            ] INFO  ActivityAutoConfiguration - 开始自动装配, 活动ID:[20001], 策略ID:[100001]
26-05-24.20:27:42.871 [main            ] INFO  HikariDataSource       - HikariPool-1 - Starting...
26-05-24.20:27:43.687 [main            ] INFO  HikariPool             - HikariPool-1 - Added connection com.mysql.cj.jdbc.ConnectionImpl@45302e66
26-05-24.20:27:43.689 [main            ] INFO  HikariDataSource       - HikariPool-1 - Start completed.
26-05-24.20:27:43.973 [main            ] INFO  ActivityAutoConfiguration - 活动装配完成
26-05-24.20:27:44.528 [main            ] INFO  StrategyArmory         - 权重分组区间表装配完成 strategyId:100001 groupId:weight_group_5000 tableSize:6
26-05-24.20:27:44.553 [main            ] INFO  StrategyArmory         - 权重分组区间表装配完成 strategyId:100001 groupId:weight_group_1000 tableSize:6
26-05-24.20:27:44.553 [main            ] INFO  ActivityAutoConfiguration - 策略装配完成
26-05-24.20:27:52.588 [main            ] INFO  StrategyArmory         - 权重分组区间表装配完成 strategyId:100001 groupId:weight_group_5000 tableSize:6
26-05-24.20:27:56.738 [main            ] INFO  StrategyArmory         - 权重分组区间表装配完成 strategyId:100001 groupId:weight_group_1000 tableSize:6
26-05-24.20:28:00.094 [main            ] INFO  RaffleService          - 抽奖完成 userId:user_001 strategyId:100001 awardId:103
26-05-24.20:28:00.122 [main            ] INFO  RaffleServiceTest      - 抽奖测试结果：{"awardId":103,"awardType":1,"sort":3}
26-05-24.20:28:00.154 [SpringApplicationShutdownHook] INFO  HikariDataSource       - HikariPool-1 - Shutdown initiated...
26-05-24.20:28:00.979 [SpringApplicationShutdownHook] INFO  HikariDataSource       - HikariPool-1 - Shutdown completed.
